<?xml version="1.0" encoding="utf-8"?>
<testsuites><testsuite name="nepi.main.tests.test_views.BasicTest"><testcase classname="nepi.main.tests.test_views.BasicTest" name="test_root" time="0.290944"></testcase><testcase classname="nepi.main.tests.test_views.BasicTest" name="test_smoketest" time="0.015047"></testcase></testsuite></testsuites>